// Jest Snapshot v1, https://goo.gl/fbAQLP

exports[`PropertyCard snapshot test 1`] = `
ShallowWrapper {
  "length": 1,
  Symbol(enzyme.__root__): [Circular],
  Symbol(enzyme.__unrendered__): <PropertyCard
    buttonClassName="addProperty"
    callBackFn={[Function]}
    propertyDetails={
        Object {
            "agency": Object {
              "brandingColors": Object {
                "primary": "#ffe512",
              },
              "logo": "http://i1.au.reastatic.net/agencylogo/XRWXMT/12/20120927204448.gif",
            },
            "id": "1",
            "mainImage": "http://i2.au.reastatic.net/640x480/20bfc8668a30e8cabf045a1cd54814a9042fc715a8be683ba196898333d68cec/main.jpg",
            "price": "$726,500",
          }
    }
/>,
  Symbol(enzyme.__renderer__): Object {
    "batchedUpdates": [Function],
    "getNode": [Function],
    "render": [Function],
    "simulateEvent": [Function],
    "unmount": [Function],
  },
  Symbol(enzyme.__node__): Object {
    "instance": null,
    "key": "1",
    "nodeType": "host",
    "props": Object {
      "children": Array [
        <div
          className="propertyCardHeader"
          style={
                    Object {
                              "backgroundColor": "#ffe512",
                            }
          }
>
          <img
                    alt="logoImage"
                    className="logo"
                    src="http://i1.au.reastatic.net/agencylogo/XRWXMT/12/20120927204448.gif"
          />
</div>,
        <div>
          <img
                    alt="propertyImage"
                    className="propertyImage"
                    src="http://i2.au.reastatic.net/640x480/20bfc8668a30e8cabf045a1cd54814a9042fc715a8be683ba196898333d68cec/main.jpg"
          />
</div>,
        <div>
          $726,500
</div>,
        null,
      ],
      "className": "propertyCardContainer",
      "onMouseEnter": [Function],
      "onMouseLeave": [Function],
    },
    "ref": null,
    "rendered": Array [
      Object {
        "instance": null,
        "key": undefined,
        "nodeType": "host",
        "props": Object {
          "children": <img
            alt="logoImage"
            className="logo"
            src="http://i1.au.reastatic.net/agencylogo/XRWXMT/12/20120927204448.gif"
/>,
          "className": "propertyCardHeader",
          "style": Object {
            "backgroundColor": "#ffe512",
          },
        },
        "ref": null,
        "rendered": Object {
          "instance": null,
          "key": undefined,
          "nodeType": "host",
          "props": Object {
            "alt": "logoImage",
            "className": "logo",
            "src": "http://i1.au.reastatic.net/agencylogo/XRWXMT/12/20120927204448.gif",
          },
          "ref": null,
          "rendered": null,
          "type": "img",
        },
        "type": "div",
      },
      Object {
        "instance": null,
        "key": undefined,
        "nodeType": "host",
        "props": Object {
          "children": <img
            alt="propertyImage"
            className="propertyImage"
            src="http://i2.au.reastatic.net/640x480/20bfc8668a30e8cabf045a1cd54814a9042fc715a8be683ba196898333d68cec/main.jpg"
/>,
        },
        "ref": null,
        "rendered": Object {
          "instance": null,
          "key": undefined,
          "nodeType": "host",
          "props": Object {
            "alt": "propertyImage",
            "className": "propertyImage",
            "src": "http://i2.au.reastatic.net/640x480/20bfc8668a30e8cabf045a1cd54814a9042fc715a8be683ba196898333d68cec/main.jpg",
          },
          "ref": null,
          "rendered": null,
          "type": "img",
        },
        "type": "div",
      },
      Object {
        "instance": null,
        "key": undefined,
        "nodeType": "host",
        "props": Object {
          "children": "$726,500",
        },
        "ref": null,
        "rendered": "$726,500",
        "type": "div",
      },
      null,
    ],
    "type": "div",
  },
  Symbol(enzyme.__nodes__): Array [
    Object {
      "instance": null,
      "key": "1",
      "nodeType": "host",
      "props": Object {
        "children": Array [
          <div
            className="propertyCardHeader"
            style={
                        Object {
                                    "backgroundColor": "#ffe512",
                                  }
            }
>
            <img
                        alt="logoImage"
                        className="logo"
                        src="http://i1.au.reastatic.net/agencylogo/XRWXMT/12/20120927204448.gif"
            />
</div>,
          <div>
            <img
                        alt="propertyImage"
                        className="propertyImage"
                        src="http://i2.au.reastatic.net/640x480/20bfc8668a30e8cabf045a1cd54814a9042fc715a8be683ba196898333d68cec/main.jpg"
            />
</div>,
          <div>
            $726,500
</div>,
          null,
        ],
        "className": "propertyCardContainer",
        "onMouseEnter": [Function],
        "onMouseLeave": [Function],
      },
      "ref": null,
      "rendered": Array [
        Object {
          "instance": null,
          "key": undefined,
          "nodeType": "host",
          "props": Object {
            "children": <img
              alt="logoImage"
              className="logo"
              src="http://i1.au.reastatic.net/agencylogo/XRWXMT/12/20120927204448.gif"
/>,
            "className": "propertyCardHeader",
            "style": Object {
              "backgroundColor": "#ffe512",
            },
          },
          "ref": null,
          "rendered": Object {
            "instance": null,
            "key": undefined,
            "nodeType": "host",
            "props": Object {
              "alt": "logoImage",
              "className": "logo",
              "src": "http://i1.au.reastatic.net/agencylogo/XRWXMT/12/20120927204448.gif",
            },
            "ref": null,
            "rendered": null,
            "type": "img",
          },
          "type": "div",
        },
        Object {
          "instance": null,
          "key": undefined,
          "nodeType": "host",
          "props": Object {
            "children": <img
              alt="propertyImage"
              className="propertyImage"
              src="http://i2.au.reastatic.net/640x480/20bfc8668a30e8cabf045a1cd54814a9042fc715a8be683ba196898333d68cec/main.jpg"
/>,
          },
          "ref": null,
          "rendered": Object {
            "instance": null,
            "key": undefined,
            "nodeType": "host",
            "props": Object {
              "alt": "propertyImage",
              "className": "propertyImage",
              "src": "http://i2.au.reastatic.net/640x480/20bfc8668a30e8cabf045a1cd54814a9042fc715a8be683ba196898333d68cec/main.jpg",
            },
            "ref": null,
            "rendered": null,
            "type": "img",
          },
          "type": "div",
        },
        Object {
          "instance": null,
          "key": undefined,
          "nodeType": "host",
          "props": Object {
            "children": "$726,500",
          },
          "ref": null,
          "rendered": "$726,500",
          "type": "div",
        },
        null,
      ],
      "type": "div",
    },
  ],
  Symbol(enzyme.__options__): Object {
    "adapter": ReactSixteenAdapter {
      "options": Object {
        "enableComponentDidUpdateOnSetState": true,
      },
    },
  },
}
`;
